
> mircle@0.1.0 ci
> npm run lint && npm run typecheck && npm run test:coverage


> mircle@0.1.0 lint
> eslint .


/Users/edycu/Projects/Hackathon/Frontier/frontier-themiracle/coverage/block-navigation.js
  1:1  warning  Unused eslint-disable directive (no problems were reported)

/Users/edycu/Projects/Hackathon/Frontier/frontier-themiracle/src/components/ConfettiExplosion.tsx
  33:5  error  Error: Calling setState synchronously within an effect can trigger cascading renders

Effects are intended to synchronize state between React and external systems such as manually updating the DOM, state management libraries, or other platform APIs. In general, the body of an effect should do one or both of the following:
* Update external systems with the latest state from React.
* Subscribe for updates from some external system, calling setState in a callback function when external state changes.

Calling setState synchronously within an effect body causes cascading renders that can hurt performance, and is not recommended. (https://react.dev/learn/you-might-not-need-an-effect).

/Users/edycu/Projects/Hackathon/Frontier/frontier-themiracle/src/components/ConfettiExplosion.tsx:33:5
  31 |     }));
  32 |
> 33 |     setPieces(newPieces);
     |     ^^^^^^^^^ Avoid calling setState() directly within an effect
  34 |
  35 |     const timer = setTimeout(() => setPieces([]), 4000);
  36 |     return () => clearTimeout(timer);  react-hooks/set-state-in-effect

/Users/edycu/Projects/Hackathon/Frontier/frontier-themiracle/src/components/LiveStatusBar.tsx
  19:5  error  Error: Calling setState synchronously within an effect can trigger cascading renders

Effects are intended to synchronize state between React and external systems such as manually updating the DOM, state management libraries, or other platform APIs. In general, the body of an effect should do one or both of the following:
* Update external systems with the latest state from React.
* Subscribe for updates from some external system, calling setState in a callback function when external state changes.

Calling setState synchronously within an effect body causes cascading renders that can hurt performance, and is not recommended. (https://react.dev/learn/you-might-not-need-an-effect).

/Users/edycu/Projects/Hackathon/Frontier/frontier-themiracle/src/components/LiveStatusBar.tsx:19:5
  17 |
  18 |     // Initialize immediately
> 19 |     setTime(new Date().toISOString().replace("T", " ").slice(0, 19) + " UTC");
     |     ^^^^^^^ Avoid calling setState() directly within an effect
  20 |
  21 |     return () => {
  22 |       clearInterval(interval);  react-hooks/set-state-in-effect

/Users/edycu/Projects/Hackathon/Frontier/frontier-themiracle/src/components/ThreatFeed.tsx
  35:5  error  Error: Calling setState synchronously within an effect can trigger cascading renders

Effects are intended to synchronize state between React and external systems such as manually updating the DOM, state management libraries, or other platform APIs. In general, the body of an effect should do one or both of the following:
* Update external systems with the latest state from React.
* Subscribe for updates from some external system, calling setState in a callback function when external state changes.

Calling setState synchronously within an effect body causes cascading renders that can hurt performance, and is not recommended. (https://react.dev/learn/you-might-not-need-an-effect).

/Users/edycu/Projects/Hackathon/Frontier/frontier-themiracle/src/components/ThreatFeed.tsx:35:5
  33 |       time: new Date(Date.now() - (3 - i) * 3000).toLocaleTimeString("en-US", { hour12: false }),
  34 |     }));
> 35 |     setEvents(initial);
     |     ^^^^^^^^^ Avoid calling setState() directly within an effect
  36 |
  37 |     let index = 4;
  38 |     const interval = setInterval(() => {  react-hooks/set-state-in-effect

/Users/edycu/Projects/Hackathon/Frontier/frontier-themiracle/src/lib/themiracle.ts
  41:14  warning  'e' is defined but never used             @typescript-eslint/no-unused-vars
  51:36  error    Unexpected any. Specify a different type  @typescript-eslint/no-explicit-any
  59:14  warning  'e' is defined but never used             @typescript-eslint/no-unused-vars

✖ 7 problems (4 errors, 3 warnings)
  0 errors and 1 warning potentially fixable with the `--fix` option.

